
Running 4 tests using 1 worker

  ✘  1 [chromium] › e2e/kline-matrix.e2e.ts:370:3 › K线组件交互验收矩阵 A–H › D9 切分时：当日价格线+均价线正确无缺口；切回K线恢复 (2.3s)
  ✓  2 [chromium] › e2e/kline-matrix.e2e.ts:403:3 › K线组件交互验收矩阵 A–H › D10 分时在数据动态时正确（WS 注入模拟盘中） (4.4s)
  ✘  3 [chromium] › e2e/kline-matrix.e2e.ts:607:3 › K线组件交互验收矩阵 A–H › G16 WS 新 bar appendBar + 同 ts updateBar + 进行中 bar 虚线跳动标记 (6.4s)
  ✘  4 [chromium] › e2e/kline-matrix.e2e.ts:663:3 › K线组件交互验收矩阵 A–H › G18 实时叠加在 15m 与 1m 都生效 (6.4s)


  1) [chromium] › e2e/kline-matrix.e2e.ts:370:3 › K线组件交互验收矩阵 A–H › D9 切分时：当日价格线+均价线正确无缺口；切回K线恢复 ────

    Error: expect(received).toBeGreaterThan(expected)

    Expected: > 50
    Received:   6

      390 |     });
      391 |     expect(info.polys).toBe(2); // 价格线 + 均价线
    > 392 |     expect(info.points[0]).toBeGreaterThan(50); // 当日 1m 点数
          |                            ^
      393 |     expect(info.texts.some((t) => t.includes('均价'))).toBeTruthy();
      394 |     await shot(page, 'D9_timeshare');
      395 |     // 切回 K线
        at /home/eestock/workspace/git/eestock/eestock-rs/web/e2e/kline-matrix.e2e.ts:392:28

    attachment #1: screenshot (image/png) ──────────────────────────────────────────────────────────
    e2e/artifacts/test-results/kline-matrix.e2e.ts-K线组件交互-c2bbc-9-切分时：当日价格线-均价线正确无缺口；切回K线恢复-chromium/test-failed-1.png
    ────────────────────────────────────────────────────────────────────────────────────────────────

    Error Context: e2e/artifacts/test-results/kline-matrix.e2e.ts-K线组件交互-c2bbc-9-切分时：当日价格线-均价线正确无缺口；切回K线恢复-chromium/error-context.md

  2) [chromium] › e2e/kline-matrix.e2e.ts:607:3 › K线组件交互验收矩阵 A–H › G16 WS 新 bar appendBar + 同 ts updateBar + 进行中 bar 虚线跳动标记 

    Error: expect(locator).toHaveCount(expected) failed

    Locator:  locator('[data-realtime-marker]')
    Expected: 1
    Received: 0
    Timeout:  5000ms

    Call log:
      - Expect "toHaveCount" with timeout 5000ms
      - waiting for locator('[data-realtime-marker]')
        14 × locator resolved to 0 elements
           - unexpected value "0"


      617 |       window.__push({ type: 'bar', code, period: '15m', bar: { ts: '2026-09-04T08:00:00Z', open: 9.1, high: 9.2, low: 9.0, close: 9.15, volume: 100, amount: 100 } });
      618 |     }, code);
    > 619 |     await expect(marker).toHaveCount(1, { timeout: 5000 });
          |                          ^
      620 |     await expect(marker).toContainText('9.15');
      621 |     // 虚线标记样式（进行中 bar）
      622 |     const dashed = await marker.locator('div').first().evaluate((el) => getComputedStyle(el).borderLeftStyle);
        at /home/eestock/workspace/git/eestock/eestock-rs/web/e2e/kline-matrix.e2e.ts:619:26

    attachment #1: screenshot (image/png) ──────────────────────────────────────────────────────────
    e2e/artifacts/test-results/kline-matrix.e2e.ts-K线组件交互-4efc1-ts-updateBar-进行中-bar-虚线跳动标记-chromium/test-failed-1.png
    ────────────────────────────────────────────────────────────────────────────────────────────────

    Error Context: e2e/artifacts/test-results/kline-matrix.e2e.ts-K线组件交互-4efc1-ts-updateBar-进行中-bar-虚线跳动标记-chromium/error-context.md

  3) [chromium] › e2e/kline-matrix.e2e.ts:663:3 › K线组件交互验收矩阵 A–H › G18 实时叠加在 15m 与 1m 都生效 ──────────

    Error: expect(locator).toContainText(expected) failed

    Locator: locator('[data-realtime-marker]')
    Expected substring: "9.17"
    Timeout: 5000ms
    Error: element(s) not found

    Call log:
      - Expect "toContainText" with timeout 5000ms
      - waiting for locator('[data-realtime-marker]')


      671 |       window.__push({ type: 'bar', code, period: '15m', bar: { ts: '2026-09-04T08:15:00Z', open: 9.1, high: 9.2, low: 9.0, close: 9.17, volume: 100, amount: 100 } });
      672 |     }, code);
    > 673 |     await expect(marker).toContainText('9.17', { timeout: 5000 });
          |                          ^
      674 |     // 切 1m → 实时叠加
      675 |     await bt(page, '1m').click();
      676 |     await page.waitForTimeout(4000);
        at /home/eestock/workspace/git/eestock/eestock-rs/web/e2e/kline-matrix.e2e.ts:673:26

    attachment #1: screenshot (image/png) ──────────────────────────────────────────────────────────
    e2e/artifacts/test-results/kline-matrix.e2e.ts-K线组件交互验收矩阵-A–H-G18-实时叠加在-15m-与-1m-都生效-chromium/test-failed-1.png
    ────────────────────────────────────────────────────────────────────────────────────────────────

    Error Context: e2e/artifacts/test-results/kline-matrix.e2e.ts-K线组件交互验收矩阵-A–H-G18-实时叠加在-15m-与-1m-都生效-chromium/error-context.md

  3 failed
    [chromium] › e2e/kline-matrix.e2e.ts:370:3 › K线组件交互验收矩阵 A–H › D9 切分时：当日价格线+均价线正确无缺口；切回K线恢复 ─────
    [chromium] › e2e/kline-matrix.e2e.ts:607:3 › K线组件交互验收矩阵 A–H › G16 WS 新 bar appendBar + 同 ts updateBar + 进行中 bar 虚线跳动标记 
    [chromium] › e2e/kline-matrix.e2e.ts:663:3 › K线组件交互验收矩阵 A–H › G18 实时叠加在 15m 与 1m 都生效 ───────────
  1 passed (20.5s)
