
Running 10 tests using 1 worker

  ✘   1 [chromium] › e2e/adr028-features-verify.e2e.ts:406:1 › T0 真身锚定：被服务的 bundle == 实现方 bundle（sha256） (370ms)
  ✓   2 [chromium] › e2e/adr028-features-verify.e2e.ts:421:1 › T1 醒目化：真图表 store 中每笔成交一个 fillDot（含价格×股数标签/堆叠序），同 bar 多笔可分辨，且无连线类 overlay (4.2s)
  ✓   3 [chromium] › e2e/adr028-features-verify.e2e.ts:468:1 › T2 醒目化像素 [@mut]：价格×股数标签确实被绘制到 canvas（标签区红墨连续列 run ≥ 阈值） (3.6s)
  ✓   4 [chromium] › e2e/adr028-features-verify.e2e.ts:509:1 › T3 focus：L2 [跳转] 后结果页滚动到 K 线区域（滚动容器 + 视口双重判据） (4.2s)
  ✓   5 [chromium] › e2e/adr028-features-verify.e2e.ts:536:1 › T4 只高亮被点击那一笔 [@mut]：白描边簇恰 1 个且质心落在该笔堆叠位置；3 秒后回落为 0 (13.5s)
  ✓   6 [chromium] › e2e/adr028-features-verify.e2e.ts:711:1 › T5 曲线竖线：四视图同一时点画竖线，跨 3 秒保留、下一次跳转更新、全览清除 (9.4s)
  ✓   7 [chromium] › e2e/adr028-features-verify.e2e.ts:768:1 › T6a 三态提示 unmatched：目标笔不在 K 线标记集合内（序号跨源错配）⇒ 显式提示、不静默 (4.1s)
  ✓   8 [chromium] › e2e/adr028-features-verify.e2e.ts:802:1 › T6b 三态提示 unrecorded：recorded=false（未写成交明细）⇒ 显式提示、不静默 (4.0s)
  ✓   9 [chromium] › e2e/adr028-features-verify.e2e.ts:834:1 › T6c 三态提示 loading：成交明细未到位期间必须显式披露；并核验「跳转高亮 loading 分支」在 UI 上是否可达 (16.3s)
  ✓  10 [chromium] › e2e/adr028-features-verify.e2e.ts:893:1 › T7 回归：L2 跳转后「全览/历史回退」必须仍可点击（K 线画布不得溢出卡片遮挡控制条） (5.0s)


  1) [chromium] › e2e/adr028-features-verify.e2e.ts:406:1 › T0 真身锚定：被服务的 bundle == 实现方 bundle（sha256） 

    Error: 实现方 bundle 名

    expect(received).toBe(expected) // Object.is equality

    Expected: "8d6022e1c71cbf1b362396f0d7fde9a07d62bc9832eff621b2df06d6991e44fb"
    Received: "f2504232e7a4fba582943fdbe020235013fef27752313db6cc69531f37d0fa0e"

      415 |   writeJson('t0_bundle', { url, servedSha256: served, localPath, localSha256: createHash('sha256').update(local).digest('hex'), bytes: body.length });
      416 |   expect(served, '被服务 bundle 必须与 web/dist 内文件逐字节一致').toBe(createHash('sha256').update(local).digest('hex'));
    > 417 |   expect(served, '实现方 bundle 名').toBe('8d6022e1c71cbf1b362396f0d7fde9a07d62bc9832eff621b2df06d6991e44fb');
          |                                  ^
      418 | });
      419 |
      420 | // ───────────────────────────────── T1 醒目化结构（store） ─────────────────────────────────
        at /home/eestock/workspace/git/eestock/eestock-rs/web/e2e/adr028-features-verify.e2e.ts:417:34

    attachment #1: screenshot (image/png) ──────────────────────────────────────────────────────────
    e2e/artifacts/test-results/adr028-features-verify.e2e-f2b32-的-bundle-实现方-bundle（sha256）-chromium/test-failed-1.png
    ────────────────────────────────────────────────────────────────────────────────────────────────

    Error Context: e2e/artifacts/test-results/adr028-features-verify.e2e-f2b32-的-bundle-实现方-bundle（sha256）-chromium/error-context.md

  1 failed
    [chromium] › e2e/adr028-features-verify.e2e.ts:406:1 › T0 真身锚定：被服务的 bundle == 实现方 bundle（sha256） 
  9 passed (1.1m)
