checks: 24/29 passed
✗ A. 保存 dcap 参数后分隔线位置不变（±1px） ← [A] {"dcapOff":true,"dragged":true,"before":{"inits":1,"chartCount":1,"panes":[{"id":"candle_pane","height":569,"dom":569,"inds":["MA"]},{"id":"indicator_pane_1789314152365_2","height":228,"dom":228,"inds":["VOL"]},{"id":"x_axis_pane","height":100,"dom":26,"inds":[]}],"inds":[{"name":"MA","paneId":"candle_pane","precision":3,"calcParams":[5,10,20],"figKeys":["ma1","ma2","ma3"]},{"name":"VOL","paneId":"indicator_pane_1789314152365_2","precision":0,"calcParams":[5,10,20],"figKeys":["ma1","ma2","ma3","volume"]}],"dcapResult":null,"mainH":824,"kcTagged":"1","kcInDom":true,"hostCount":1,"separators":[{"top":569,"h":1}],"strayLines":[],"paneCount":1,"dcapHash":"4022:AAIIIIBAFAL/BwAA///I1Y6FAAAABklEQVQDAMcU7axyZ9QfAAAAAElFTkSuQmCC"},"after":{"inits":1,"chartCount":1,"panes":[{"id":"candle_pane","height":569,"dom":697,"inds":["MA"]},{"id":"indicator_pane_1789314154786_2","height":100,"dom":100,"inds":["VOL"]},{"id":"x_axis_pane","height":100,"dom":26,"inds":[]}],"inds":[{"name":"MA","paneId":"candle_pane","precision":3,"calcParams":[5,10,20],"figKeys":["ma1","ma2","ma3"]},{"name":"VOL","paneId":"indicator_pane_1789314154786_2","precision":0,"calcParams":[5,10,20],"figKeys":["ma1","ma2","ma3","volume"]}],"dcapResult":null,"mainH":824,"kcTagged":"1","kcInDom":true,"hostCount":1,"separators":[{"top":697,"h":1}],"strayLines":[],"paneCount":1,"dcapHash":"4022:AAIIIIBAFAL/BwAA///I1Y6FAAAABklEQVQDAMcU7axyZ9QfAAAAAElFTkSuQmCC"},"heightDelta":128}
✓ A. 无整图 remount（图表根元素身份保持 + init 计数不变）
✓ A. 无残留水平线
✓ A. 关态保存不误建 DCAP pane（分隔线数不变）
✓ A. 内置 VOL 未被空 calcParams 覆盖（保留模板默认 [5,10,20]）
✓ A. DCAP 关态：无 DCAP 指标（不残留空 pane）
✗ C. DCAP 开：保存参数后**两条分隔线位置均不变**（±1px） ← [C] {"sepsAfterEnable":2,"before":{"inits":2,"chartCount":2,"panes":[{"id":"candle_pane","height":495,"dom":495,"inds":["MA"]},{"id":"indicator_pane_1789314155747_10","height":120,"dom":120,"inds":["VOL"]},{"id":"indicator_pane_1789314155747_13","height":181,"dom":181,"inds":["DCAP"]},{"id":"x_axis_pane","height":100,"dom":26,"inds":[]}],"inds":[{"name":"MA","paneId":"candle_pane","precision":3,"calcParams":[5,10,20],"figKeys":["ma1","ma2","ma3"]},{"name":"VOL","paneId":"indicator_pane_1789314155747_10","precision":0,"calcParams":[5,10,20],"figKeys":["ma1","ma2","ma3","volume"]},{"name":"DCAP","paneId":"indicator_pane_1789314155747_13","precision":5,"calcParams":[8,36,66,1.25,1,1,1,3],"figKeys":["s","m","l","zero"]}],"dcapResult":{"n":188,"s":{"n":179,"head":[-0.0124860301,-0.0193321983,-0.0158299679],"tail":[0.0022798976,0.0010134777,0.0005764776]},"m":{"n":151,"head":[-0.0067518331,-0.0053460223,-0.004099008],"tail":[-0.0059332617,-0.0062285656,-0.0058481857]},"l":{"n":121,"head":[0.0000286603,0.0019569261,0.0034661621],"tail":[-0.0080749765,-0.008407398,-0.0080801467]},"zeroAllZero":true},"mainH":824,"kcTagged":"1","kcInDom":true,"hostCount":1,"separators":[{"top":495,"h":1},{"top":616,"h":1}],"strayLines":[],"paneCount":2,"dcapHash":"3966:IIAAAgi0QuD/AAAA///W9sgOAAAABklEQVQDAI8zbKwzXV2iAAAAAElFTkSuQmCC"},"after":{"inits":2,"chartCount":2,"panes":[{"id":"candle_pane","height":495,"dom":596,"inds":["MA"]},{"id":"indicator_pane_1789314158723_3","height":100,"dom":100,"inds":["VOL"]},{"id":"indicator_pane_1789314158723_6","height":100,"dom":100,"inds":["DCAP"]},{"id":"x_axis_pane","height":100,"dom":26,"inds":[]}],"inds":[{"name":"MA","paneId":"candle_pane","precision":3,"calcParams":[5,10,20],"figKeys":["ma1","ma2","ma3"]},{"name":"VOL","paneId":"indicator_pane_1789314158723_3","precision":0,"calcParams":[5,10,20],"figKeys":["ma1","ma2","ma3","volume"]},{"name":"DCAP","paneId":"indicator_pane_1789314158723_6","precision":5,"calcParams":[8,36,66,1.5,1,1,1,3],"figKeys":["s","m","l","zero"]}],"dcapResult":{"n":188,"s":{"n":179,"head":[-0.0105487591,-0.0153914884,-0.0111826973],"tail":[0.0013924301,0.0004186252,0.0002301179]},"m":{"n":151,"head":[-0.0067518331,-0.0053460223,-0.004099008],"tail":[-0.0059332617,-0.0062285656,-0.0058481857]},"l":{"n":121,"head":[0.0000286603,0.0019569261,0.0034661621],"tail":[-0.0080749765,-0.008407398,-0.0080801467]},"zeroAllZero":true},"mainH":824,"kcTagged":"1","kcInDom":true,"hostCount":1,"separators":[{"top":596,"h":1},{"top":697,"h":1}],"strayLines":[],"paneCount":2,"dcapHash":"3966:IIAAAgi0QuD/AAAA///W9sgOAAAABklEQVQDAI8zbKwzXV2iAAAAAElFTkSuQmCC"},"deltas":[101,81]}
✓ C. 无整图 remount（init 计数不变）
✓ C. pane 数不变（分隔线 2 条：candle|VOL|DCAP）
✗ C. DCAP 仍为独立副图 pane（paneId 不变、无 paneId=candle_pane） ← before=indicator_pane_1789314155747_13 after=indicator_pane_1789314158723_6
✓ C. override 未丢模板属性：precision=5、figures=[s,m,l,zero] 不变
✓ C. calcParams 已按新 r_s 更新
✓ C. DCAP 线值按新参数重算（s/m/l 采样变化，zero 恒 0）
✗ C. pane id 集合不变（无销毁重建）且渲染高度逐值不变（±1px） ← before=[{"id":"candle_pane","height":495,"dom":495,"inds":["MA"]},{"id":"indicator_pane_1789314155747_10","height":120,"dom":120,"inds":["VOL"]},{"id":"indicator_pane_1789314155747_13","height":181,"dom":181,"inds":["DCAP"]},{"id":"x_axis_pane","height":100,"dom":26,"inds":[]}] after=[{"id":"candle_pane","height":495,"dom":596,"inds":["MA"]},{"id":"indicator_pane_1789314158723_3","height":100,"dom":100,"inds":["VOL"]},{"id":"indicator_pane_1789314158723_6","height":100,"dom":100,"inds":["DCAP"]},{"id":"x_axis_pane","height":100,"dom":26,"inds":[]}]
✓ C. 无残留水平线
✗ B. warmup 变化（m 3→5）后**不 remount**（init 计数不变 + 根元素身份保持） ← inits 2→3
✓ B. warmup 变化后分隔线位置不变（±1px）
✓ B. 触发过一次 /api/kline 补取（warmup 差额，非整图重建）
✓ T. 开 BOLL：保留模板默认 calcParams（非空，未被 [] 覆盖）
✓ T. 开 BOLL：分隔线 +1（独立副图 pane）且不 remount
✓ T. 关 BOLL：分隔线回到原值、无空 pane 残留、不 remount
✓ M. MA 窗口变化后不 remount（init 计数不变）
✓ M. MA 指标仍叠主图且 calcParams 已更新
✓ M. MA 窗口变化后分隔线位置不变（±1px）
✓ M. DCAP 关 → 分隔线回到 1 条（无空 pane）
✓ M. DCAP 重开 → 回到 2 条
✓ M. DCAP 开关全程无残留线
✓ 全程无页面错误
✓ 只读保证：无非 GET 外发（PUT /api/config/* 全被本地兑现）
kline requests: ["/api/kline?code=518880&period=15m&limit=120","/api/kline?code=518880&period=15m&limit=188","/api/kline?code=518880&period=15m&limit=190","/api/kline?code=518880&period=15m&limit=120","/api/kline?code=518880&period=15m&limit=190"]
putIntercepted: ["{\"n_s\":8,\"n_m\":36,\"n_l\":66,\"r_s\":1.25,\"r_m\":1,\"r_l\":1,\"smooth\":1,\"m\":3}","{\"n_s\":8,\"n_m\":36,\"n_l\":66,\"r_s\":1.5,\"r_m\":1,\"r_l\":1,\"smooth\":1,\"m\":3}","{\"n_s\":8,\"n_m\":36,\"n_l\":66,\"r_s\":1.5,\"r_m\":1,\"r_l\":1,\"smooth\":1,\"m\":5}","{\"windows\":[7,10,20]}"]
