PASS  M1 mount：chart.id == k_line_chart_1（本次页面加载内 init 恰 1 次）
PASS  M2 mount：DCAP 默认关（无 DCAP indicator）
PASS  M3 mount：分隔线数 == 1（candle|VOL）
PASS  ①-1 默认态：分隔线恰 1 条
PASS  ①-2 默认态：主图区无残留全宽横线（stray == []）
PASS  ①-3 sub-chart 锚点 borderTopWidth == 0px 且无 border-t 类、背景透明
PASS  ①-4 DCAP 开：分隔线恰 2 条（candle|VOL|DCAP）
PASS  ②-1 DCAP：figKeys == s/m/l/zero 且 precision == 5 且独立副图 pane
PASS  ②-2 DCAP：每根 bar zero 恒 0（常驻 0 线）
PASS  ①-5 DCAP 开：主图区仍无残留全宽横线（stray == []）
PASS  ②-3 DCAP：真实数据三线跨 0（min<0<max）
PASS  ②-4 DCAP：副图 Y 轴范围含 0
PASS  ②-5 DCAP：0 线 y == pane 内 y(0) 且落在 pane 内
PASS  ②-6 DCAP：y(0) 行渲染出 #76808F 虚线像素（细分/虚线交替 => gap 集含 1 与 >1）
PASS  ③-0 拖拽生效：成功拖 2 条分隔线
PASS  ③-0b 拖拽后高度非默认（至少一个 pane 偏离 DCAP 开态 ≥20px）
PASS  ①-6 拖拽后：主图区仍无残留全宽横线（stray == []，无僵线）
PASS  ①-7 拖拽后：分隔线仍随 pane 移动（2 条且上分隔线 top 变小）
PASS  ③-P[1h] 高度 ±1px 不变
PASS  ③-P[1h] pane id 不变
PASS  ③-P[1h] indicator id 不变（无 create/remove）
PASS  ③-P[1h] init 计数不递增（chart.id 不变）
PASS  ③-P[1h] 数据确实换新（首末时间戳/取值变化）
PASS  ③-P[1h] 请求命中新 period=1h
PASS  ③-P[5m] 高度 ±1px 不变
PASS  ③-P[5m] pane id 不变
PASS  ③-P[5m] indicator id 不变（无 create/remove）
PASS  ③-P[5m] init 计数不递增（chart.id 不变）
PASS  ③-P[5m] 数据确实换新（首末时间戳/取值变化）
PASS  ③-P[5m] 请求命中新 period=5m
PASS  ③-S[161226] 切标的成功（chart symbol == 161226）
PASS  ③-S[161226] 高度 ±1px 不变
PASS  ③-S[161226] pane id 不变
PASS  ③-S[161226] indicator id 不变（无 create/remove）
PASS  ③-S[161226] init 计数不递增（chart.id 不变）
PASS  ③-S[161226] 数据确实换新
PASS  ③-S[161226] 请求命中新 code=161226
PASS  ③-S[513310] 切标的成功（chart symbol == 513310）
PASS  ③-S[513310] 高度 ±1px 不变
PASS  ③-S[513310] pane id 不变
PASS  ③-S[513310] indicator id 不变（无 create/remove）
PASS  ③-S[513310] init 计数不递增（chart.id 不变）
PASS  ③-S[513310] 数据确实换新
PASS  ③-S[513310] 请求命中新 code=513310
PASS  ②-S{"r_m":1.5} PUT 被浏览器侧拦截（未回后端）
PASS  ②-S{"r_m":1.5} 参数已应用（calcParams 含新值）
PASS  ②-S{"r_m":1.5} 高度 ±1px 不变
PASS  ②-S{"r_m":1.5} pane id 不变
PASS  ②-S{"r_m":1.5} indicator id 不变（无 create/remove）
PASS  ②-S{"r_m":1.5} 分隔线数不变
PASS  ②-S{"r_m":1.5} init 计数不递增（chart.id 不变）
PASS  ②-S{"r_m":1.5} 线值按新参数更新（m 线尾值变化）
PASS  ②-S{"r_m":1.5} 离线 oracle 逐点一致（0 失配）
PASS  ②-S{"n_m":30} PUT 被浏览器侧拦截（未回后端）
PASS  ②-S{"n_m":30} 参数已应用（calcParams 含新值）
PASS  ②-S{"n_m":30} 高度 ±1px 不变
PASS  ②-S{"n_m":30} pane id 不变
PASS  ②-S{"n_m":30} indicator id 不变（无 create/remove）
PASS  ②-S{"n_m":30} 分隔线数不变
PASS  ②-S{"n_m":30} init 计数不递增（chart.id 不变）
PASS  ②-S{"n_m":30} 线值按新参数更新（m 线尾值变化）
PASS  ②-S{"n_m":30} 离线 oracle 逐点一致（0 失配）
PASS  R1 全程无非 GET 其他请求（除被本地兑现的 PUT /api/config/dcap）
PASS  R2 PUT 仅命中 /api/config/dcap 且被本地兑现
PASS  R3 无页面异常

live http://127.0.0.1:8081: 65/65 passed; failed=0; puts=2; nonGetOther=0; pageErrors=0
config after (Node 直连): {"kline":{"status":200,"body":"{\"viewport_bars\":120}"},"dcap":{"status":200,"body":"{\"n_s\":8,\"n_m\":36,\"n_l\":66,\"r_s\":1.0,\"r_m\":1.0,\"r_l\":1.0,\"smooth\":1,\"m\":3}"},"ma":{"status":200,"body":"{\"windows\":[5,10,20]}"}}
